// Vitest Snapshot v1, https://vitest.dev/guide/snapshot.html

exports[`restaurant-review > no props 1`] = `
"<li class=\\"v-card v-theme--light v-card--density-default v-card--variant-elevated va-company-review\\">
  <!---->
  <div class=\\"v-card__loader\\">
    <div class=\\"v-progress-linear v-theme--light v-locale--is-ltr\\" style=\\"top: 0px; height: 0px; --v-progress-linear-height: 2px; left: 50%; transform: translateX(-50%);\\" role=\\"progressbar\\" aria-hidden=\\"true\\" aria-valuemin=\\"0\\" aria-valuemax=\\"100\\">
      <!---->
      <div class=\\"v-progress-linear__background\\" style=\\"width: 100%;\\"></div>
      <div class=\\"v-progress-linear__indeterminate\\">
        <div class=\\"v-progress-linear__indeterminate long\\"></div>
        <div class=\\"v-progress-linear__indeterminate short\\"></div>
      </div>
      <!---->
    </div>
  </div>
  <!---->
  <!---->
  <div class=\\"v-card-text\\"></div>
  <!---->
  <!----><span class=\\"v-card__underlay\\"></span>
</li>"
`;

exports[`restaurant-review > renders a review 1`] = `
"<li class=\\"v-card v-theme--light v-card--density-default v-card--variant-elevated va-company-review\\">
  <!---->
  <div class=\\"v-card__loader\\">
    <div class=\\"v-progress-linear v-theme--light v-locale--is-ltr\\" style=\\"top: 0px; height: 0px; --v-progress-linear-height: 2px; left: 50%; transform: translateX(-50%);\\" role=\\"progressbar\\" aria-hidden=\\"true\\" aria-valuemin=\\"0\\" aria-valuemax=\\"100\\">
      <!---->
      <div class=\\"v-progress-linear__background\\" style=\\"width: 100%;\\"></div>
      <div class=\\"v-progress-linear__indeterminate\\">
        <div class=\\"v-progress-linear__indeterminate long\\"></div>
        <div class=\\"v-progress-linear__indeterminate short\\"></div>
      </div>
      <!---->
    </div>
  </div>
  <!---->
  <!---->
  <div class=\\"v-card-text\\">
    <div class=\\"p-2\\">
      <div class=\\"v-rating v-rating--readonly v-theme--light\\"><label for=\\"v-rating-0-0\\" class=\\"\\"><span class=\\"v-rating__hidden\\">Rating 0 of 5</span>
          <!---->
        </label><input class=\\"v-rating__hidden\\" name=\\"v-rating-0\\" id=\\"v-rating-0-0\\" type=\\"radio\\" tabindex=\\"-1\\" readonly=\\"\\" value=\\"0\\">
        <div class=\\"v-rating__wrapper\\">
          <!---->
          <div class=\\"v-rating__item\\"><label for=\\"v-rating-0-1\\" class=\\"\\"><span class=\\"v-rating__hidden\\">Rating 1 of 5</span><button type=\\"button\\" class=\\"v-btn v-btn--icon v-theme--light v-btn--density-compact v-btn--size-default v-btn--variant-plain\\"><span class=\\"v-btn__overlay\\"></span><span class=\\"v-btn__underlay\\"></span>
                <!----><span class=\\"v-btn__content\\" data-no-activator=\\"\\"><i class=\\"mdi-star mdi v-icon notranslate v-theme--light v-icon--size-default\\" aria-hidden=\\"true\\"></i></span>
                <!---->
                <!---->
              </button></label><input class=\\"v-rating__hidden\\" name=\\"v-rating-0\\" id=\\"v-rating-0-1\\" type=\\"radio\\" tabindex=\\"-1\\" readonly=\\"\\" value=\\"1\\"></div>
          <!---->
        </div>
        <div class=\\"v-rating__wrapper\\">
          <!---->
          <div class=\\"v-rating__item\\"><label for=\\"v-rating-0-2\\" class=\\"\\"><span class=\\"v-rating__hidden\\">Rating 2 of 5</span><button type=\\"button\\" class=\\"v-btn v-btn--icon v-theme--light v-btn--density-compact v-btn--size-default v-btn--variant-plain\\"><span class=\\"v-btn__overlay\\"></span><span class=\\"v-btn__underlay\\"></span>
                <!----><span class=\\"v-btn__content\\" data-no-activator=\\"\\"><i class=\\"mdi-star mdi v-icon notranslate v-theme--light v-icon--size-default\\" aria-hidden=\\"true\\"></i></span>
                <!---->
                <!---->
              </button></label><input class=\\"v-rating__hidden\\" name=\\"v-rating-0\\" id=\\"v-rating-0-2\\" type=\\"radio\\" tabindex=\\"-1\\" readonly=\\"\\" value=\\"2\\"></div>
          <!---->
        </div>
        <div class=\\"v-rating__wrapper\\">
          <!---->
          <div class=\\"v-rating__item\\"><label for=\\"v-rating-0-3\\" class=\\"\\"><span class=\\"v-rating__hidden\\">Rating 3 of 5</span><button type=\\"button\\" class=\\"v-btn v-btn--icon v-theme--light v-btn--density-compact v-btn--size-default v-btn--variant-plain\\"><span class=\\"v-btn__overlay\\"></span><span class=\\"v-btn__underlay\\"></span>
                <!----><span class=\\"v-btn__content\\" data-no-activator=\\"\\"><i class=\\"mdi-star mdi v-icon notranslate v-theme--light v-icon--size-default\\" aria-hidden=\\"true\\"></i></span>
                <!---->
                <!---->
              </button></label><input class=\\"v-rating__hidden\\" name=\\"v-rating-0\\" id=\\"v-rating-0-3\\" type=\\"radio\\" tabindex=\\"-1\\" readonly=\\"\\" value=\\"3\\"></div>
          <!---->
        </div>
        <div class=\\"v-rating__wrapper\\">
          <!---->
          <div class=\\"v-rating__item\\"><label for=\\"v-rating-0-4\\" class=\\"\\"><span class=\\"v-rating__hidden\\">Rating 4 of 5</span><button type=\\"button\\" class=\\"v-btn v-btn--icon v-theme--light v-btn--density-compact v-btn--size-default v-btn--variant-plain\\"><span class=\\"v-btn__overlay\\"></span><span class=\\"v-btn__underlay\\"></span>
                <!----><span class=\\"v-btn__content\\" data-no-activator=\\"\\"><i class=\\"mdi-star mdi v-icon notranslate v-theme--light v-icon--size-default\\" aria-hidden=\\"true\\"></i></span>
                <!---->
                <!---->
              </button></label><input class=\\"v-rating__hidden\\" name=\\"v-rating-0\\" id=\\"v-rating-0-4\\" type=\\"radio\\" tabindex=\\"-1\\" readonly=\\"\\" value=\\"4\\"></div>
          <!---->
        </div>
        <div class=\\"v-rating__wrapper\\">
          <!---->
          <div class=\\"v-rating__item\\"><label for=\\"v-rating-0-5\\" class=\\"\\"><span class=\\"v-rating__hidden\\">Rating 5 of 5</span><button type=\\"button\\" class=\\"v-btn v-btn--icon v-theme--light v-btn--density-compact v-btn--size-default v-btn--variant-plain\\"><span class=\\"v-btn__overlay\\"></span><span class=\\"v-btn__underlay\\"></span>
                <!----><span class=\\"v-btn__content\\" data-no-activator=\\"\\"><i class=\\"mdi-star-outline mdi v-icon notranslate v-theme--light v-icon--size-default\\" aria-hidden=\\"true\\"></i></span>
                <!---->
                <!---->
              </button></label><input class=\\"v-rating__hidden\\" name=\\"v-rating-0\\" id=\\"v-rating-0-5\\" type=\\"radio\\" tabindex=\\"-1\\" readonly=\\"\\" value=\\"5\\"></div>
          <!---->
        </div>
      </div>
      <div class=\\"flex-grow-1\\"></div><span>I've had decent lunches at Billy The Butcher a couple of times now. It's what I would describe as a trendy burger joint on the 4th floor of the Alsterhaus...</span>
    </div>
    <div class=\\"p-2\\">
      <div class=\\"v-rating v-rating--readonly v-theme--light\\"><label for=\\"v-rating-6-0\\" class=\\"\\"><span class=\\"v-rating__hidden\\">Rating 0 of 5</span>
          <!---->
        </label><input class=\\"v-rating__hidden\\" name=\\"v-rating-6\\" id=\\"v-rating-6-0\\" type=\\"radio\\" tabindex=\\"-1\\" readonly=\\"\\" value=\\"0\\">
        <div class=\\"v-rating__wrapper\\">
          <!---->
          <div class=\\"v-rating__item\\"><label for=\\"v-rating-6-1\\" class=\\"\\"><span class=\\"v-rating__hidden\\">Rating 1 of 5</span><button type=\\"button\\" class=\\"v-btn v-btn--icon v-theme--light v-btn--density-compact v-btn--size-default v-btn--variant-plain\\"><span class=\\"v-btn__overlay\\"></span><span class=\\"v-btn__underlay\\"></span>
                <!----><span class=\\"v-btn__content\\" data-no-activator=\\"\\"><i class=\\"mdi-star mdi v-icon notranslate v-theme--light v-icon--size-default\\" aria-hidden=\\"true\\"></i></span>
                <!---->
                <!---->
              </button></label><input class=\\"v-rating__hidden\\" name=\\"v-rating-6\\" id=\\"v-rating-6-1\\" type=\\"radio\\" tabindex=\\"-1\\" readonly=\\"\\" value=\\"1\\"></div>
          <!---->
        </div>
        <div class=\\"v-rating__wrapper\\">
          <!---->
          <div class=\\"v-rating__item\\"><label for=\\"v-rating-6-2\\" class=\\"\\"><span class=\\"v-rating__hidden\\">Rating 2 of 5</span><button type=\\"button\\" class=\\"v-btn v-btn--icon v-theme--light v-btn--density-compact v-btn--size-default v-btn--variant-plain\\"><span class=\\"v-btn__overlay\\"></span><span class=\\"v-btn__underlay\\"></span>
                <!----><span class=\\"v-btn__content\\" data-no-activator=\\"\\"><i class=\\"mdi-star mdi v-icon notranslate v-theme--light v-icon--size-default\\" aria-hidden=\\"true\\"></i></span>
                <!---->
                <!---->
              </button></label><input class=\\"v-rating__hidden\\" name=\\"v-rating-6\\" id=\\"v-rating-6-2\\" type=\\"radio\\" tabindex=\\"-1\\" readonly=\\"\\" value=\\"2\\"></div>
          <!---->
        </div>
        <div class=\\"v-rating__wrapper\\">
          <!---->
          <div class=\\"v-rating__item\\"><label for=\\"v-rating-6-3\\" class=\\"\\"><span class=\\"v-rating__hidden\\">Rating 3 of 5</span><button type=\\"button\\" class=\\"v-btn v-btn--icon v-theme--light v-btn--density-compact v-btn--size-default v-btn--variant-plain\\"><span class=\\"v-btn__overlay\\"></span><span class=\\"v-btn__underlay\\"></span>
                <!----><span class=\\"v-btn__content\\" data-no-activator=\\"\\"><i class=\\"mdi-star mdi v-icon notranslate v-theme--light v-icon--size-default\\" aria-hidden=\\"true\\"></i></span>
                <!---->
                <!---->
              </button></label><input class=\\"v-rating__hidden\\" name=\\"v-rating-6\\" id=\\"v-rating-6-3\\" type=\\"radio\\" tabindex=\\"-1\\" readonly=\\"\\" value=\\"3\\"></div>
          <!---->
        </div>
        <div class=\\"v-rating__wrapper\\">
          <!---->
          <div class=\\"v-rating__item\\"><label for=\\"v-rating-6-4\\" class=\\"\\"><span class=\\"v-rating__hidden\\">Rating 4 of 5</span><button type=\\"button\\" class=\\"v-btn v-btn--icon v-theme--light v-btn--density-compact v-btn--size-default v-btn--variant-plain\\"><span class=\\"v-btn__overlay\\"></span><span class=\\"v-btn__underlay\\"></span>
                <!----><span class=\\"v-btn__content\\" data-no-activator=\\"\\"><i class=\\"mdi-star mdi v-icon notranslate v-theme--light v-icon--size-default\\" aria-hidden=\\"true\\"></i></span>
                <!---->
                <!---->
              </button></label><input class=\\"v-rating__hidden\\" name=\\"v-rating-6\\" id=\\"v-rating-6-4\\" type=\\"radio\\" tabindex=\\"-1\\" readonly=\\"\\" value=\\"4\\"></div>
          <!---->
        </div>
        <div class=\\"v-rating__wrapper\\">
          <!---->
          <div class=\\"v-rating__item\\"><label for=\\"v-rating-6-5\\" class=\\"\\"><span class=\\"v-rating__hidden\\">Rating 5 of 5</span><button type=\\"button\\" class=\\"v-btn v-btn--icon v-theme--light v-btn--density-compact v-btn--size-default v-btn--variant-plain\\"><span class=\\"v-btn__overlay\\"></span><span class=\\"v-btn__underlay\\"></span>
                <!----><span class=\\"v-btn__content\\" data-no-activator=\\"\\"><i class=\\"mdi-star-outline mdi v-icon notranslate v-theme--light v-icon--size-default\\" aria-hidden=\\"true\\"></i></span>
                <!---->
                <!---->
              </button></label><input class=\\"v-rating__hidden\\" name=\\"v-rating-6\\" id=\\"v-rating-6-5\\" type=\\"radio\\" tabindex=\\"-1\\" readonly=\\"\\" value=\\"5\\"></div>
          <!---->
        </div>
      </div>
      <div class=\\"flex-grow-1\\"></div><span>We arrived Hamburg at noon and decide to get some burgers before going to the office. This place is pretty close to the city hall and rated well.

I ordered...</span>
    </div>
    <div class=\\"p-2\\">
      <div class=\\"v-rating v-rating--readonly v-theme--light\\"><label for=\\"v-rating-12-0\\" class=\\"\\"><span class=\\"v-rating__hidden\\">Rating 0 of 5</span>
          <!---->
        </label><input class=\\"v-rating__hidden\\" name=\\"v-rating-12\\" id=\\"v-rating-12-0\\" type=\\"radio\\" tabindex=\\"-1\\" readonly=\\"\\" value=\\"0\\">
        <div class=\\"v-rating__wrapper\\">
          <!---->
          <div class=\\"v-rating__item\\"><label for=\\"v-rating-12-1\\" class=\\"\\"><span class=\\"v-rating__hidden\\">Rating 1 of 5</span><button type=\\"button\\" class=\\"v-btn v-btn--icon v-theme--light v-btn--density-compact v-btn--size-default v-btn--variant-plain\\"><span class=\\"v-btn__overlay\\"></span><span class=\\"v-btn__underlay\\"></span>
                <!----><span class=\\"v-btn__content\\" data-no-activator=\\"\\"><i class=\\"mdi-star mdi v-icon notranslate v-theme--light v-icon--size-default\\" aria-hidden=\\"true\\"></i></span>
                <!---->
                <!---->
              </button></label><input class=\\"v-rating__hidden\\" name=\\"v-rating-12\\" id=\\"v-rating-12-1\\" type=\\"radio\\" tabindex=\\"-1\\" readonly=\\"\\" value=\\"1\\"></div>
          <!---->
        </div>
        <div class=\\"v-rating__wrapper\\">
          <!---->
          <div class=\\"v-rating__item\\"><label for=\\"v-rating-12-2\\" class=\\"\\"><span class=\\"v-rating__hidden\\">Rating 2 of 5</span><button type=\\"button\\" class=\\"v-btn v-btn--icon v-theme--light v-btn--density-compact v-btn--size-default v-btn--variant-plain\\"><span class=\\"v-btn__overlay\\"></span><span class=\\"v-btn__underlay\\"></span>
                <!----><span class=\\"v-btn__content\\" data-no-activator=\\"\\"><i class=\\"mdi-star mdi v-icon notranslate v-theme--light v-icon--size-default\\" aria-hidden=\\"true\\"></i></span>
                <!---->
                <!---->
              </button></label><input class=\\"v-rating__hidden\\" name=\\"v-rating-12\\" id=\\"v-rating-12-2\\" type=\\"radio\\" tabindex=\\"-1\\" readonly=\\"\\" value=\\"2\\"></div>
          <!---->
        </div>
        <div class=\\"v-rating__wrapper\\">
          <!---->
          <div class=\\"v-rating__item\\"><label for=\\"v-rating-12-3\\" class=\\"\\"><span class=\\"v-rating__hidden\\">Rating 3 of 5</span><button type=\\"button\\" class=\\"v-btn v-btn--icon v-theme--light v-btn--density-compact v-btn--size-default v-btn--variant-plain\\"><span class=\\"v-btn__overlay\\"></span><span class=\\"v-btn__underlay\\"></span>
                <!----><span class=\\"v-btn__content\\" data-no-activator=\\"\\"><i class=\\"mdi-star mdi v-icon notranslate v-theme--light v-icon--size-default\\" aria-hidden=\\"true\\"></i></span>
                <!---->
                <!---->
              </button></label><input class=\\"v-rating__hidden\\" name=\\"v-rating-12\\" id=\\"v-rating-12-3\\" type=\\"radio\\" tabindex=\\"-1\\" readonly=\\"\\" value=\\"3\\"></div>
          <!---->
        </div>
        <div class=\\"v-rating__wrapper\\">
          <!---->
          <div class=\\"v-rating__item\\"><label for=\\"v-rating-12-4\\" class=\\"\\"><span class=\\"v-rating__hidden\\">Rating 4 of 5</span><button type=\\"button\\" class=\\"v-btn v-btn--icon v-theme--light v-btn--density-compact v-btn--size-default v-btn--variant-plain\\"><span class=\\"v-btn__overlay\\"></span><span class=\\"v-btn__underlay\\"></span>
                <!----><span class=\\"v-btn__content\\" data-no-activator=\\"\\"><i class=\\"mdi-star mdi v-icon notranslate v-theme--light v-icon--size-default\\" aria-hidden=\\"true\\"></i></span>
                <!---->
                <!---->
              </button></label><input class=\\"v-rating__hidden\\" name=\\"v-rating-12\\" id=\\"v-rating-12-4\\" type=\\"radio\\" tabindex=\\"-1\\" readonly=\\"\\" value=\\"4\\"></div>
          <!---->
        </div>
        <div class=\\"v-rating__wrapper\\">
          <!---->
          <div class=\\"v-rating__item\\"><label for=\\"v-rating-12-5\\" class=\\"\\"><span class=\\"v-rating__hidden\\">Rating 5 of 5</span><button type=\\"button\\" class=\\"v-btn v-btn--icon v-theme--light v-btn--density-compact v-btn--size-default v-btn--variant-plain\\"><span class=\\"v-btn__overlay\\"></span><span class=\\"v-btn__underlay\\"></span>
                <!----><span class=\\"v-btn__content\\" data-no-activator=\\"\\"><i class=\\"mdi-star-outline mdi v-icon notranslate v-theme--light v-icon--size-default\\" aria-hidden=\\"true\\"></i></span>
                <!---->
                <!---->
              </button></label><input class=\\"v-rating__hidden\\" name=\\"v-rating-12\\" id=\\"v-rating-12-5\\" type=\\"radio\\" tabindex=\\"-1\\" readonly=\\"\\" value=\\"5\\"></div>
          <!---->
        </div>
      </div>
      <div class=\\"flex-grow-1\\"></div><span>Nice place to have good burger for lunch. Most of personnel speak English which is good. Prices are decent, also I would recommend to share fries with a...</span>
    </div>
  </div>
  <!---->
  <!----><span class=\\"v-card__underlay\\"></span>
</li>"
`;
